[backblue.gif]
[fade.gif]
[index.html]
[snt2021.ostralo.net/t7_photo_numerique/images/microscope.png]
[snt2021.ostralo.net/t7_photo_numerique/7.1_qu_est_ce_qu_un_pixel.html]
[snt2021.ostralo.net/commun/styles_structure.css]
[snt2021.ostralo.net/commun/icone_ordinateur.png]
[snt2021.ostralo.net/commun/icone_crayon.png]
[snt2021.ostralo.net/commun/icone_globe_cursor.png]
[snt2021.ostralo.net/commun/icone_documents.png]
[snt2021.ostralo.net/commun/icone_documents_rouge.png]
[snt2021.ostralo.net/commun/styles_activite_commun.css]
[snt2021.ostralo.net/images/photo_numerique.png]
[snt2021.ostralo.net/commun/separation.png]
[snt2021.ostralo.net/t7_photo_numerique/index.html]
[snt2021.ostralo.net/t7_photo_numerique/page_couleurs.html]
[snt2021.ostralo.net/t7_photo_numerique/page_hexadecimal.html]
[snt2021.ostralo.net/commun/icone_histoire.svg]
[snt2021.ostralo.net/commun/icone_histoire.png]
[snt2021.ostralo.net/commun/styles_index_commun.css]
[snt2021.ostralo.net/t7_photo_numerique/7.0_reperes_historiques.html]
[snt2021.ostralo.net/t7_photo_numerique/images/image1.png]
[snt2021.ostralo.net/t7_photo_numerique/images/image2.png]
[snt2021.ostralo.net/t7_photo_numerique/images/image3.png]
[snt2021.ostralo.net/t7_photo_numerique/images/degrade_1c_8b.png]
[snt2021.ostralo.net/t7_photo_numerique/images/7.2_exo2.png]
[snt2021.ostralo.net/t7_photo_numerique/7.2_fichiers_image.html]
[plugins.ostralo.net/mathjax/load_mathjax.js]
[snt2021.ostralo.net/t7_photo_numerique/images/7.4_dcode_exif_1.png]
[snt2021.ostralo.net/t7_photo_numerique/images/7.4_dcode_exif_2.png]
[snt2021.ostralo.net/t7_photo_numerique/images/7.4_longitude_latitude.png]
[snt2021.ostralo.net/t7_photo_numerique/images/7.4_oppenstreetmap.png]
[snt2021.ostralo.net/t7_photo_numerique/7.4_donnees_exif.html]
[plugins.ostralo.net/prism/prism.js]
[snt2021.ostralo.net/t7_photo_numerique/images/PIL_coordonnees.png]
[snt2021.ostralo.net/t7_photo_numerique/images/ballon.png]
[snt2021.ostralo.net/t7_photo_numerique/images/python_modif_negatif.png]
[snt2021.ostralo.net/t7_photo_numerique/images/python_modif_gris.png]
[snt2021.ostralo.net/t7_photo_numerique/images/python_modif_2.png]
[snt2021.ostralo.net/t7_photo_numerique/7.5_modification_par_programmation.html]
[plugins.ostralo.net/prism/prism.css]
